// Jest Snapshot v1, https://goo.gl/fbAQLP

exports[`Button rendering snapshot test 1`] = `
<button
  class="button"
  data-testid="mybtn"
>
  learn
</button>
`;
